Release 14.7 - xst P.20131013 (lin64)
Copyright (c) 1995-2013 Xilinx, Inc.  All rights reserved.
--> 
Parameter TMPDIR set to xst/projnav.tmp


Total REAL time to Xst completion: 0.00 secs
Total CPU time to Xst completion: 0.03 secs
 
--> 
Parameter xsthdpdir set to xst


Total REAL time to Xst completion: 0.00 secs
Total CPU time to Xst completion: 0.03 secs
 
--> 
Reading design: pong_top.prj

TABLE OF CONTENTS
  1) Synthesis Options Summary
  2) HDL Compilation
  3) Design Hierarchy Analysis
  4) HDL Analysis
  5) HDL Synthesis
     5.1) HDL Synthesis Report
  6) Advanced HDL Synthesis
     6.1) Advanced HDL Synthesis Report
  7) Low Level Synthesis
  8) Partition Report
  9) Final Report
	9.1) Device utilization summary
	9.2) Partition Resource Summary
	9.3) TIMING REPORT


=========================================================================
*                      Synthesis Options Summary                        *
=========================================================================
---- Source Parameters
Input File Name                    : "pong_top.prj"
Input Format                       : mixed
Ignore Synthesis Constraint File   : NO

---- Target Parameters
Output File Name                   : "pong_top"
Output Format                      : NGC
Target Device                      : xc3s100e-5-cp132

---- Source Options
Top Module Name                    : pong_top
Automatic FSM Extraction           : YES
FSM Encoding Algorithm             : Auto
Safe Implementation                : No
FSM Style                          : LUT
RAM Extraction                     : Yes
RAM Style                          : Auto
ROM Extraction                     : Yes
Mux Style                          : Auto
Decoder Extraction                 : YES
Priority Encoder Extraction        : Yes
Shift Register Extraction          : YES
Logical Shifter Extraction         : YES
XOR Collapsing                     : YES
ROM Style                          : Auto
Mux Extraction                     : Yes
Resource Sharing                   : YES
Asynchronous To Synchronous        : NO
Multiplier Style                   : Auto
Automatic Register Balancing       : No

---- Target Options
Add IO Buffers                     : YES
Global Maximum Fanout              : 100000
Add Generic Clock Buffer(BUFG)     : 24
Register Duplication               : YES
Slice Packing                      : YES
Optimize Instantiated Primitives   : NO
Use Clock Enable                   : Yes
Use Synchronous Set                : Yes
Use Synchronous Reset              : Yes
Pack IO Registers into IOBs        : Auto
Equivalent register Removal        : YES

---- General Options
Optimization Goal                  : Speed
Optimization Effort                : 1
Keep Hierarchy                     : No
Netlist Hierarchy                  : As_Optimized
RTL Output                         : Yes
Global Optimization                : AllClockNets
Read Cores                         : YES
Write Timing Constraints           : NO
Cross Clock Analysis               : NO
Hierarchy Separator                : /
Bus Delimiter                      : <>
Case Specifier                     : Maintain
Slice Utilization Ratio            : 100
BRAM Utilization Ratio             : 100
Verilog 2001                       : YES
Auto BRAM Packing                  : NO
Slice Utilization Ratio Delta      : 5

=========================================================================


=========================================================================
*                          HDL Compilation                              *
=========================================================================
Compiling vhdl file "/home/ise/projects/Jogo_EletProg_VG/Jogo_EletProg/list_ch13_01_font_rom.vhd" in Library work.
Architecture arch of Entity font_rom is up to date.
Compiling vhdl file "/home/ise/projects/Jogo_EletProg_VG/Jogo_EletProg/debounce_internet.vhd" in Library work.
Architecture logic of Entity debounce_internet is up to date.
Compiling vhdl file "/home/ise/projects/Jogo_EletProg_VG/Jogo_EletProg/ClockManager.vhd" in Library work.
Architecture behavioral of Entity clockmanager is up to date.
Compiling vhdl file "/home/ise/projects/Jogo_EletProg_VG/Jogo_EletProg/timer_2.vhd" in Library work.
Architecture arch of Entity timer_2 is up to date.
Compiling vhdl file "/home/ise/projects/Jogo_EletProg_VG/Jogo_EletProg/ps2_keyboard.vhd" in Library work.
Architecture logic of Entity ps2_keyboard is up to date.
Compiling vhdl file "/home/ise/projects/Jogo_EletProg_VG/Jogo_EletProg/list_ch12_01_vga_sync.vhd" in Library work.
Architecture arch of Entity vga_sync is up to date.
Compiling vhdl file "/home/ise/projects/Jogo_EletProg_VG/Jogo_EletProg/list_ch13_06_pong_text.vhd" in Library work.
WARNING:HDLParsers:3530 - Time stamp of file "/home/ise/projects/Jogo_EletProg_VG/Jogo_EletProg/list_ch13_06_pong_text.vhd" is newer than current system time.
Entity <pong_text> compiled.
Entity <pong_text> (Architecture <arch>) compiled.
Compiling vhdl file "/home/ise/projects/Jogo_EletProg_VG/Jogo_EletProg/list_ch13_07_pong_graph.vhd" in Library work.
WARNING:HDLParsers:3530 - Time stamp of file "/home/ise/projects/Jogo_EletProg_VG/Jogo_EletProg/list_ch13_07_pong_graph.vhd" is newer than current system time.
Entity <pong_graph> compiled.
Entity <pong_graph> (Architecture <arch>) compiled.
Compiling vhdl file "/home/ise/projects/Jogo_EletProg_VG/Jogo_EletProg/list_ch13_09_pong_timer.vhd" in Library work.
Architecture arch of Entity timer is up to date.
Compiling vhdl file "/home/ise/projects/Jogo_EletProg_VG/Jogo_EletProg/list_ch13_08_pong_counter.vhd" in Library work.
Architecture arch of Entity m100_counter is up to date.
Compiling vhdl file "/home/ise/projects/Jogo_EletProg_VG/Jogo_EletProg/list_ch13_10_pong_top.vhd" in Library work.
WARNING:HDLParsers:3530 - Time stamp of file "/home/ise/projects/Jogo_EletProg_VG/Jogo_EletProg/list_ch13_10_pong_top.vhd" is newer than current system time.
Entity <pong_top> compiled.
Entity <pong_top> (Architecture <arch>) compiled.

=========================================================================
*                     Design Hierarchy Analysis                         *
=========================================================================
Analyzing hierarchy for entity <pong_top> in library <work> (architecture <arch>).

Analyzing hierarchy for entity <clockmanager> in library <work> (architecture <BEHAVIORAL>).

Analyzing hierarchy for entity <timer_2> in library <work> (architecture <arch>).

Analyzing hierarchy for entity <ps2_keyboard> in library <work> (architecture <logic>) with generics.
	clk_freq = 50000000
	debounce_counter_size = 8

Analyzing hierarchy for entity <vga_sync> in library <work> (architecture <arch>).

Analyzing hierarchy for entity <pong_text> in library <work> (architecture <arch>).

Analyzing hierarchy for entity <pong_graph> in library <work> (architecture <arch>).

Analyzing hierarchy for entity <timer> in library <work> (architecture <arch>).

Analyzing hierarchy for entity <m100_counter> in library <work> (architecture <arch>).

Analyzing hierarchy for entity <debounce_internet> in library <work> (architecture <logic>) with generics.
	counter_size = 8

Analyzing hierarchy for entity <font_rom> in library <work> (architecture <arch>).


=========================================================================
*                            HDL Analysis                               *
=========================================================================
Analyzing Entity <pong_top> in library <work> (Architecture <arch>).
WARNING:Xst:753 - "/home/ise/projects/Jogo_EletProg_VG/Jogo_EletProg/list_ch13_10_pong_top.vhd" line 53: Unconnected output port 'LOCKED_OUT' of component 'clockmanager'.
WARNING:Xst:753 - "/home/ise/projects/Jogo_EletProg_VG/Jogo_EletProg/list_ch13_10_pong_top.vhd" line 70: Unconnected output port 'ps2_code_new' of component 'ps2_keyboard'.
Entity <pong_top> analyzed. Unit <pong_top> generated.

Analyzing Entity <clockmanager> in library <work> (Architecture <BEHAVIORAL>).
    Set user-defined property "CAPACITANCE =  DONT_CARE" for instance <CLKIN_IBUFG_INST> in unit <clockmanager>.
    Set user-defined property "IBUF_DELAY_VALUE =  0" for instance <CLKIN_IBUFG_INST> in unit <clockmanager>.
    Set user-defined property "IBUF_LOW_PWR =  TRUE" for instance <CLKIN_IBUFG_INST> in unit <clockmanager>.
    Set user-defined property "IOSTANDARD =  DEFAULT" for instance <CLKIN_IBUFG_INST> in unit <clockmanager>.
    Set user-defined property "CLKDV_DIVIDE =  2.0000000000000000" for instance <DCM_SP_INST> in unit <clockmanager>.
    Set user-defined property "CLKFX_DIVIDE =  1" for instance <DCM_SP_INST> in unit <clockmanager>.
    Set user-defined property "CLKFX_MULTIPLY =  4" for instance <DCM_SP_INST> in unit <clockmanager>.
    Set user-defined property "CLKIN_DIVIDE_BY_2 =  FALSE" for instance <DCM_SP_INST> in unit <clockmanager>.
    Set user-defined property "CLKIN_PERIOD =  40.0000000000000000" for instance <DCM_SP_INST> in unit <clockmanager>.
    Set user-defined property "CLKOUT_PHASE_SHIFT =  NONE" for instance <DCM_SP_INST> in unit <clockmanager>.
    Set user-defined property "CLK_FEEDBACK =  1X" for instance <DCM_SP_INST> in unit <clockmanager>.
    Set user-defined property "DESKEW_ADJUST =  SYSTEM_SYNCHRONOUS" for instance <DCM_SP_INST> in unit <clockmanager>.
    Set user-defined property "DFS_FREQUENCY_MODE =  LOW" for instance <DCM_SP_INST> in unit <clockmanager>.
    Set user-defined property "DLL_FREQUENCY_MODE =  LOW" for instance <DCM_SP_INST> in unit <clockmanager>.
    Set user-defined property "DSS_MODE =  NONE" for instance <DCM_SP_INST> in unit <clockmanager>.
    Set user-defined property "DUTY_CYCLE_CORRECTION =  TRUE" for instance <DCM_SP_INST> in unit <clockmanager>.
    Set user-defined property "FACTORY_JF =  C080" for instance <DCM_SP_INST> in unit <clockmanager>.
    Set user-defined property "PHASE_SHIFT =  0" for instance <DCM_SP_INST> in unit <clockmanager>.
    Set user-defined property "STARTUP_WAIT =  FALSE" for instance <DCM_SP_INST> in unit <clockmanager>.
Entity <clockmanager> analyzed. Unit <clockmanager> generated.

Analyzing Entity <timer_2> in library <work> (Architecture <arch>).
Entity <timer_2> analyzed. Unit <timer_2> generated.

Analyzing generic Entity <ps2_keyboard> in library <work> (Architecture <logic>).
	clk_freq = 50000000
	debounce_counter_size = 8
Entity <ps2_keyboard> analyzed. Unit <ps2_keyboard> generated.

Analyzing generic Entity <debounce_internet> in library <work> (Architecture <logic>).
	counter_size = 8
Entity <debounce_internet> analyzed. Unit <debounce_internet> generated.

Analyzing Entity <vga_sync> in library <work> (Architecture <arch>).
Entity <vga_sync> analyzed. Unit <vga_sync> generated.

Analyzing Entity <pong_text> in library <work> (Architecture <arch>).
WARNING:Xst:790 - "/home/ise/projects/Jogo_EletProg_VG/Jogo_EletProg/list_ch13_06_pong_text.vhd" line 242: Index value(s) does not match array range, simulation mismatch.
Entity <pong_text> analyzed. Unit <pong_text> generated.

Analyzing Entity <font_rom> in library <work> (Architecture <arch>).
Entity <font_rom> analyzed. Unit <font_rom> generated.

Analyzing Entity <pong_graph> in library <work> (Architecture <arch>).
Entity <pong_graph> analyzed. Unit <pong_graph> generated.

Analyzing Entity <timer> in library <work> (Architecture <arch>).
Entity <timer> analyzed. Unit <timer> generated.

Analyzing Entity <m100_counter> in library <work> (Architecture <arch>).
Entity <m100_counter> analyzed. Unit <m100_counter> generated.


=========================================================================
*                           HDL Synthesis                               *
=========================================================================

Performing bidirectional port resolution...

Synthesizing Unit <timer_2>.
    Related source file is "/home/ise/projects/Jogo_EletProg_VG/Jogo_EletProg/timer_2.vhd".
    Found 5-bit down counter for signal <timer_reg>.
    Summary:
	inferred   1 Counter(s).
Unit <timer_2> synthesized.


Synthesizing Unit <vga_sync>.
    Related source file is "/home/ise/projects/Jogo_EletProg_VG/Jogo_EletProg/list_ch12_01_vga_sync.vhd".
    Found 10-bit up counter for signal <h_count_reg>.
    Found 10-bit comparator greatequal for signal <h_sync_next$cmp_ge0000> created at line 90.
    Found 10-bit comparator lessequal for signal <h_sync_next$cmp_le0000> created at line 90.
    Found 1-bit register for signal <h_sync_reg>.
    Found 1-bit register for signal <mod2_reg>.
    Found 10-bit up counter for signal <v_count_reg>.
    Found 10-bit comparator greatequal for signal <v_sync_next$cmp_ge0000> created at line 94.
    Found 10-bit comparator lessequal for signal <v_sync_next$cmp_le0000> created at line 94.
    Found 1-bit register for signal <v_sync_reg>.
    Found 10-bit comparator less for signal <video_on$cmp_lt0000> created at line 99.
    Found 10-bit comparator less for signal <video_on$cmp_lt0001> created at line 99.
    Summary:
	inferred   2 Counter(s).
	inferred   3 D-type flip-flop(s).
	inferred   6 Comparator(s).
Unit <vga_sync> synthesized.


Synthesizing Unit <pong_graph>.
    Related source file is "/home/ise/projects/Jogo_EletProg_VG/Jogo_EletProg/list_ch13_07_pong_graph.vhd".
WARNING:Xst:647 - Input <attack_1_on> is never used. This port will be preserved and left unconnected if it belongs to a top-level block or it belongs to a sub-block and the hierarchy of this sub-block is preserved.
WARNING:Xst:647 - Input <btn> is never used. This port will be preserved and left unconnected if it belongs to a top-level block or it belongs to a sub-block and the hierarchy of this sub-block is preserved.
WARNING:Xst:647 - Input <timer_up> is never used. This port will be preserved and left unconnected if it belongs to a top-level block or it belongs to a sub-block and the hierarchy of this sub-block is preserved.
WARNING:Xst:1780 - Signal <rom_ship_data> is never used or assigned. This unconnected signal will be trimmed during the optimization process.
WARNING:Xst:1780 - Signal <rom_ship_col> is never used or assigned. This unconnected signal will be trimmed during the optimization process.
WARNING:Xst:1780 - Signal <rom_ship_bit> is never used or assigned. This unconnected signal will be trimmed during the optimization process.
WARNING:Xst:1780 - Signal <rom_ship_addr> is never used or assigned. This unconnected signal will be trimmed during the optimization process.
WARNING:Xst:1780 - Signal <play_alien_rgb> is never used or assigned. This unconnected signal will be trimmed during the optimization process.
WARNING:Xst:1780 - Signal <PROJ1_V<31:10>> is never used or assigned. This unconnected signal will be trimmed during the optimization process.
WARNING:Xst:653 - Signal <PROJ1_V<9:0>> is used but never assigned. This sourceless signal will be automatically connected to value 0000000010.
    Found 16x16-bit ROM for signal <rom_data_border$rom0000> created at line 637.
    Found 16x16-bit ROM for signal <rom_data_ship$rom0000> created at line 655.
    Found 16x16-bit ROM for signal <rom_data_ship$rom0001> created at line 655.
    Found 16x16-bit ROM for signal <rom_data_ship$rom0002> created at line 655.
    Found 16x16-bit ROM for signal <rom_data_alien_boss$rom0000> created at line 1142.
    Found 16x16-bit ROM for signal <rom_data_alien_boss$rom0001> created at line 1142.
WARNING:Xst:737 - Found 7-bit latch for signal <play_alien_shoot_counter_next>. Latches may be generated from incomplete case or if statements. We do not recommend the use of latches in FPGA/CPLD designs, as they may lead to timing problems.
    Found 8x8-bit ROM for signal <rom_data_alien>.
    Found 1-bit register for signal <alien_2_alive_reg>.
    Found 3-bit up counter for signal <alien_2_hits_counter_reg>.
    Found 1-bit register for signal <alien_2_projectil_hit_reg>.
    Found 7-bit comparator greatequal for signal <alien_2_projectil_hit_reg$cmp_ge0000> created at line 1504.
    Found 10-bit comparator greater for signal <alien_2_projectil_hit_reg$cmp_gt0000> created at line 1503.
    Found 10-bit comparator greater for signal <alien_2_projectil_hit_reg$cmp_gt0001> created at line 1496.
    Found 7-bit comparator lessequal for signal <alien_2_projectil_hit_reg$cmp_le0000> created at line 1504.
    Found 10-bit comparator lessequal for signal <alien_2_projectil_hit_reg$cmp_le0001> created at line 1503.
    Found 10-bit comparator lessequal for signal <alien_2_projectil_on$cmp_le0000> created at line 1465.
    Found 10-bit comparator lessequal for signal <alien_2_projectil_on$cmp_le0001> created at line 1465.
    Found 10-bit comparator lessequal for signal <alien_2_projectil_on$cmp_le0002> created at line 1465.
    Found 10-bit comparator lessequal for signal <alien_2_projectil_on$cmp_le0003> created at line 1465.
    Found 10-bit subtractor for signal <alien_2_projectil_x_r>.
    Found 10-bit adder for signal <alien_2_projectil_x_r$addsub0000> created at line 1463.
    Found 10-bit register for signal <alien_2_projectil_x_reg>.
    Found 10-bit adder for signal <alien_2_projectil_x_reg$addsub0000> created at line 1472.
    Found 10-bit subtractor for signal <alien_2_projectil_y_b>.
    Found 10-bit adder for signal <alien_2_projectil_y_b$addsub0000> created at line 1464.
    Found 10-bit register for signal <alien_2_projectil_y_reg>.
    Found 10-bit adder for signal <alien_2_projectil_y_reg$addsub0000>.
    Found 10-bit register for signal <alien_2_vx_reg>.
    Found 10-bit adder for signal <alien_2_vx_reg$add0000> created at line 1044.
    Found 10-bit comparator greatequal for signal <alien_2_vx_reg$cmp_ge0000> created at line 1043.
    Found 10-bit comparator lessequal for signal <alien_2_vx_reg$cmp_le0000> created at line 1044.
    Found 10-bit comparator less for signal <alien_2_vx_reg$cmp_lt0000> created at line 1043.
    Found 10-bit adder for signal <alien_2_vx_reg$share0000>.
    Found 10-bit subtractor for signal <alien_2_x_r>.
    Found 10-bit adder for signal <alien_2_x_r$addsub0000> created at line 1002.
    Found 10-bit adder for signal <alien_2_x_r$addsub0001> created at line 1002.
    Found 10-bit register for signal <alien_2_x_reg>.
    Found 10-bit adder for signal <alien_2_x_reg$addsub0000> created at line 1020.
    Found 10-bit subtractor for signal <alien_2_y_b>.
    Found 10-bit adder for signal <alien_2_y_b$addsub0000> created at line 1003.
    Found 10-bit adder for signal <alien_2_y_b$addsub0001> created at line 1003.
    Found 10-bit register for signal <alien_2_y_reg>.
    Found 1-bit register for signal <alien_alive_reg>.
    Found 1-bit register for signal <alien_boss_alive_reg>.
    Found 3-bit up counter for signal <alien_boss_hits_counter_reg>.
    Found 4-bit down counter for signal <alien_boss_lives_reg>.
    Found 1-bit register for signal <alien_boss_projectil_hit_reg>.
    Found 10-bit comparator greater for signal <alien_boss_projectil_hit_reg$cmp_gt0000> created at line 1634.
    Found 10-bit comparator lessequal for signal <alien_boss_projectil_hit_reg$cmp_le0000> created at line 1640.
    Found 10-bit comparator lessequal for signal <alien_boss_projectil_on$cmp_le0000> created at line 1592.
    Found 10-bit comparator lessequal for signal <alien_boss_projectil_on$cmp_le0001> created at line 1592.
    Found 10-bit comparator lessequal for signal <alien_boss_projectil_on$cmp_le0002> created at line 1592.
    Found 10-bit comparator lessequal for signal <alien_boss_projectil_on$cmp_le0003> created at line 1592.
    Found 10-bit subtractor for signal <alien_boss_projectil_x_r>.
    Found 10-bit adder for signal <alien_boss_projectil_x_r$addsub0000> created at line 1590.
    Found 10-bit register for signal <alien_boss_projectil_x_reg>.
    Found 10-bit adder for signal <alien_boss_projectil_x_reg$add0001> created at line 1598.
    Found 10-bit adder for signal <alien_boss_projectil_x_reg$addsub0000> created at line 1598.
    Found 10-bit subtractor for signal <alien_boss_projectil_y_b>.
    Found 10-bit adder for signal <alien_boss_projectil_y_b$addsub0000> created at line 1591.
    Found 10-bit register for signal <alien_boss_projectil_y_reg>.
    Found 10-bit adder for signal <alien_boss_projectil_y_reg$addsub0000> created at line 1604.
    Found 10-bit adder for signal <alien_boss_vx_next$sub0000> created at line 1179.
    Found 10-bit register for signal <alien_boss_vx_reg>.
    Found 10-bit adder for signal <alien_boss_vx_reg$add0000> created at line 1190.
    Found 10-bit comparator greater for signal <alien_boss_vx_reg$cmp_gt0000> created at line 1190.
    Found 10-bit comparator less for signal <alien_boss_vx_reg$cmp_lt0000> created at line 1189.
    Found 10-bit adder for signal <alien_boss_x_r>.
    Found 10-bit adder for signal <alien_boss_x_r$addsub0000> created at line 1133.
    Found 10-bit adder for signal <alien_boss_x_r$addsub0001> created at line 1133.
    Found 10-bit adder for signal <alien_boss_x_r$addsub0002> created at line 1133.
    Found 10-bit register for signal <alien_boss_x_reg>.
    Found 10-bit comparator greater for signal <alien_boss_x_reg$cmp_gt0000> created at line 1223.
    Found 10-bit comparator less for signal <alien_boss_x_reg$cmp_lt0000> created at line 1217.
    Found 10-bit addsub for signal <alien_boss_x_reg$share0000>.
    Found 10-bit adder for signal <alien_boss_y_b>.
    Found 10-bit adder for signal <alien_boss_y_b$addsub0000> created at line 1134.
    Found 10-bit adder for signal <alien_boss_y_b$addsub0001> created at line 1134.
    Found 10-bit adder for signal <alien_boss_y_b$addsub0002> created at line 1134.
    Found 10-bit register for signal <alien_boss_y_reg>.
    Found 10-bit comparator greater for signal <alien_boss_y_reg$cmp_gt0000> created at line 1205.
    Found 10-bit comparator less for signal <alien_boss_y_reg$cmp_lt0000> created at line 1211.
    Found 10-bit addsub for signal <alien_boss_y_reg$share0000>.
    Found 3-bit up counter for signal <alien_hits_counter_reg>.
    Found 1-bit register for signal <alien_projectil_hit_reg>.
    Found 7-bit comparator greatequal for signal <alien_projectil_hit_reg$cmp_ge0000> created at line 1373.
    Found 10-bit comparator greater for signal <alien_projectil_hit_reg$cmp_gt0000> created at line 1372.
    Found 10-bit comparator greater for signal <alien_projectil_hit_reg$cmp_gt0001> created at line 1365.
    Found 7-bit comparator lessequal for signal <alien_projectil_hit_reg$cmp_le0000> created at line 1373.
    Found 10-bit comparator lessequal for signal <alien_projectil_hit_reg$cmp_le0001> created at line 1372.
    Found 10-bit comparator lessequal for signal <alien_projectil_on$cmp_le0000> created at line 1332.
    Found 10-bit comparator lessequal for signal <alien_projectil_on$cmp_le0001> created at line 1332.
    Found 10-bit comparator lessequal for signal <alien_projectil_on$cmp_le0002> created at line 1332.
    Found 10-bit comparator lessequal for signal <alien_projectil_on$cmp_le0003> created at line 1332.
    Found 10-bit subtractor for signal <alien_projectil_x_r>.
    Found 10-bit adder for signal <alien_projectil_x_r$addsub0000> created at line 1330.
    Found 10-bit register for signal <alien_projectil_x_reg>.
    Found 10-bit adder for signal <alien_projectil_x_reg$addsub0000> created at line 1341.
    Found 10-bit subtractor for signal <alien_projectil_y_b>.
    Found 10-bit adder for signal <alien_projectil_y_b$addsub0000> created at line 1331.
    Found 10-bit register for signal <alien_projectil_y_reg>.
    Found 10-bit adder for signal <alien_projectil_y_reg$add0000> created at line 1346.
    Found 10-bit adder for signal <alien_projectil_y_reg$add0001>.
    Found 10-bit adder for signal <alien_projectil_y_reg$addsub0000>.
    Found 10-bit register for signal <alien_vx_reg>.
    Found 10-bit comparator greatequal for signal <alien_vx_reg$cmp_ge0000> created at line 986.
    Found 10-bit comparator lessequal for signal <alien_vx_reg$cmp_le0000> created at line 987.
    Found 10-bit comparator less for signal <alien_vx_reg$cmp_lt0000> created at line 986.
    Found 10-bit adder for signal <alien_vx_reg$share0000>.
    Found 10-bit subtractor for signal <alien_x_r>.
    Found 10-bit adder for signal <alien_x_r$addsub0000> created at line 945.
    Found 10-bit adder for signal <alien_x_r$addsub0001> created at line 945.
    Found 10-bit register for signal <alien_x_reg>.
    Found 10-bit adder for signal <alien_x_reg$addsub0000> created at line 962.
    Found 10-bit subtractor for signal <alien_y_b>.
    Found 10-bit adder for signal <alien_y_b$addsub0000> created at line 946.
    Found 10-bit adder for signal <alien_y_b$addsub0001> created at line 946.
    Found 10-bit register for signal <alien_y_reg>.
    Found 10-bit comparator greater for signal <hit_p2$cmp_gt0000> created at line 1640.
    Found 7-bit adder for signal <play_alien_shoot_counter_next$add0000> created at line 859.
    Found 7-bit register for signal <play_alien_shoot_counter_reg>.
    Found 7-bit register for signal <respawn_timer_reg>.
    Found 7-bit adder for signal <respawn_timer_reg$addsub0000> created at line 1273.
    Found 3-bit subtractor for signal <rom_addr_alien>.
    Found 3-bit subtractor for signal <rom_addr_alien_2>.
    Found 4-bit subtractor for signal <rom_addr_alien_boss>.
    Found 4-bit subtractor for signal <rom_addr_border>.
    Found 4-bit subtractor for signal <rom_addr_ship>.
    Found 1-bit 8-to-1 multiplexer for signal <rom_bit_alien>.
    Found 1-bit 8-to-1 multiplexer for signal <rom_bit_alien_2>.
    Found 1-bit 16-to-1 multiplexer for signal <rom_bit_alien_boss>.
    Found 1-bit 16-to-1 multiplexer for signal <rom_bit_border>.
    Found 1-bit 16-to-1 multiplexer for signal <rom_bit_ship>.
    Found 3-bit subtractor for signal <rom_col_alien>.
    Found 3-bit subtractor for signal <rom_col_alien_2>.
    Found 4-bit subtractor for signal <rom_col_alien_boss>.
    Found 4-bit subtractor for signal <rom_col_ship>.
    Found 3-bit comparator greater for signal <rom_data_alien_2$cmp_gt0000> created at line 1011.
    Found 4-bit comparator greater for signal <rom_data_alien_boss$cmp_gt0000> created at line 1142.
    Found 4-bit comparator greater for signal <rom_data_alien_boss$cmp_gt0001> created at line 1142.
    Found 16-bit 4-to-1 multiplexer for signal <rom_data_ship>.
    Found 7-bit comparator greater for signal <round_end$cmp_gt0000> created at line 1275.
    Found 2-bit register for signal <ship_lives_reg>.
    Found 2-bit subtractor for signal <ship_lives_reg$mux0000>.
    Found 1-bit register for signal <ship_projectil_1_hit_reg>.
    Found 10-bit comparator less for signal <ship_projectil_1_hit_reg$cmp_lt0000> created at line 739.
    Found 10-bit comparator lessequal for signal <ship_projectil_1_on$cmp_le0000> created at line 724.
    Found 10-bit comparator lessequal for signal <ship_projectil_1_on$cmp_le0001> created at line 724.
    Found 10-bit comparator lessequal for signal <ship_projectil_1_on$cmp_le0002> created at line 724.
    Found 10-bit comparator lessequal for signal <ship_projectil_1_on$cmp_le0003> created at line 724.
    Found 10-bit subtractor for signal <ship_projectil_1_x_r>.
    Found 10-bit adder for signal <ship_projectil_1_x_r$addsub0000> created at line 722.
    Found 10-bit register for signal <ship_projectil_1_x_reg>.
    Found 10-bit subtractor for signal <ship_projectil_1_y_b>.
    Found 10-bit adder for signal <ship_projectil_1_y_b$addsub0000> created at line 723.
    Found 10-bit register for signal <ship_projectil_1_y_reg>.
    Found 10-bit subtractor for signal <ship_projectil_1_y_reg$addsub0000> created at line 733.
    Found 1-bit register for signal <ship_projectil_3_hit_reg>.
    Found 7-bit comparator greater for signal <ship_projectil_3_hit_reg$cmp_gt0000> created at line 833.
    Found 10-bit comparator less for signal <ship_projectil_3_hit_reg$cmp_lt0000> created at line 833.
    Found 10-bit comparator lessequal for signal <ship_projectil_3_on$cmp_le0000> created at line 817.
    Found 10-bit comparator lessequal for signal <ship_projectil_3_on$cmp_le0001> created at line 817.
    Found 10-bit comparator lessequal for signal <ship_projectil_3_on$cmp_le0002> created at line 817.
    Found 10-bit comparator lessequal for signal <ship_projectil_3_on$cmp_le0003> created at line 817.
    Found 10-bit subtractor for signal <ship_projectil_3_x_r>.
    Found 10-bit adder for signal <ship_projectil_3_x_r$addsub0000> created at line 815.
    Found 10-bit register for signal <ship_projectil_3_x_reg>.
    Found 10-bit adder for signal <ship_projectil_3_x_reg$add0000> created at line 824.
    Found 10-bit adder for signal <ship_projectil_3_x_reg$addsub0000> created at line 824.
    Found 10-bit subtractor for signal <ship_projectil_3_y_b>.
    Found 10-bit adder for signal <ship_projectil_3_y_b$addsub0000> created at line 816.
    Found 10-bit register for signal <ship_projectil_3_y_reg>.
    Found 10-bit subtractor for signal <ship_projectil_3_y_reg$addsub0000> created at line 827.
    Found 10-bit subtractor for signal <ship_x_r>.
    Found 10-bit adder for signal <ship_x_r$addsub0000> created at line 646.
    Found 10-bit adder for signal <ship_x_r$addsub0001> created at line 646.
    Found 10-bit register for signal <ship_x_reg>.
    Found 10-bit comparator greater for signal <ship_x_reg$cmp_gt0000> created at line 697.
    Found 10-bit comparator less for signal <ship_x_reg$cmp_lt0000> created at line 704.
    Found 10-bit addsub for signal <ship_x_reg$share0000>.
    Found 10-bit subtractor for signal <ship_y_b>.
    Found 10-bit adder for signal <ship_y_b$addsub0000> created at line 647.
    Found 10-bit adder for signal <ship_y_b$addsub0001> created at line 647.
    Found 10-bit register for signal <ship_y_reg>.
    Found 10-bit comparator greater for signal <ship_y_reg$cmp_gt0000> created at line 679.
    Found 10-bit comparator less for signal <ship_y_reg$cmp_lt0000> created at line 690.
    Found 10-bit addsub for signal <ship_y_reg$share0000>.
    Found 7-bit register for signal <shoot_counter_reg>.
    Found 7-bit adder for signal <shoot_counter_reg$addsub0000> created at line 848.
    Found 10-bit comparator lessequal for signal <sq_alien_1_on$cmp_le0000> created at line 947.
    Found 10-bit comparator lessequal for signal <sq_alien_1_on$cmp_le0001> created at line 947.
    Found 10-bit comparator lessequal for signal <sq_alien_1_on$cmp_le0002> created at line 947.
    Found 10-bit comparator lessequal for signal <sq_alien_1_on$cmp_le0003> created at line 947.
    Found 10-bit comparator lessequal for signal <sq_alien_2_on$cmp_le0000> created at line 1004.
    Found 10-bit comparator lessequal for signal <sq_alien_2_on$cmp_le0001> created at line 1004.
    Found 10-bit comparator lessequal for signal <sq_alien_2_on$cmp_le0002> created at line 1004.
    Found 10-bit comparator lessequal for signal <sq_alien_2_on$cmp_le0003> created at line 1004.
    Found 10-bit comparator lessequal for signal <sq_alien_boss_on$cmp_le0000> created at line 1135.
    Found 10-bit comparator lessequal for signal <sq_alien_boss_on$cmp_le0001> created at line 1135.
    Found 10-bit comparator lessequal for signal <sq_alien_boss_on$cmp_le0002> created at line 1135.
    Found 10-bit comparator lessequal for signal <sq_alien_boss_on$cmp_le0003> created at line 1135.
    Found 10-bit comparator greatequal for signal <sq_border_on$cmp_le0000> created at line 626.
    Found 10-bit comparator lessequal for signal <sq_border_on$cmp_le0001> created at line 626.
    Found 10-bit comparator greatequal for signal <sq_border_on$cmp_le0002> created at line 626.
    Found 10-bit comparator lessequal for signal <sq_border_on$cmp_le0003> created at line 626.
    Found 10-bit comparator lessequal for signal <sq_ship_on$cmp_le0000> created at line 648.
    Found 10-bit comparator lessequal for signal <sq_ship_on$cmp_le0001> created at line 648.
    Found 10-bit comparator lessequal for signal <sq_ship_on$cmp_le0002> created at line 648.
    Found 10-bit comparator lessequal for signal <sq_ship_on$cmp_le0003> created at line 648.
    Summary:
	inferred   7 ROM(s).
	inferred   4 Counter(s).
	inferred 211 D-type flip-flop(s).
	inferred  83 Adder/Subtractor(s).
	inferred  76 Comparator(s).
	inferred  21 Multiplexer(s).
Unit <pong_graph> synthesized.


Synthesizing Unit <timer>.
    Related source file is "/home/ise/projects/Jogo_EletProg_VG/Jogo_EletProg/list_ch13_09_pong_timer.vhd".
    Found 7-bit down counter for signal <timer_reg>.
    Summary:
	inferred   1 Counter(s).
Unit <timer> synthesized.


Synthesizing Unit <m100_counter>.
    Related source file is "/home/ise/projects/Jogo_EletProg_VG/Jogo_EletProg/list_ch13_08_pong_counter.vhd".
    Found 4-bit register for signal <dig0_reg>.
    Found 4-bit adder for signal <dig0_reg$addsub0000> created at line 45.
    Found 4-bit register for signal <dig1_reg>.
    Found 4-bit adder for signal <dig1_reg$addsub0000> created at line 42.
    Summary:
	inferred   8 D-type flip-flop(s).
	inferred   2 Adder/Subtractor(s).
Unit <m100_counter> synthesized.


Synthesizing Unit <debounce_internet>.
    Related source file is "/home/ise/projects/Jogo_EletProg_VG/Jogo_EletProg/debounce_internet.vhd".
    Found 1-bit register for signal <result>.
    Found 9-bit up counter for signal <counter_out>.
    Found 1-bit xor2 for signal <counter_set>.
    Found 2-bit register for signal <flipflops>.
    Summary:
	inferred   1 Counter(s).
	inferred   3 D-type flip-flop(s).
Unit <debounce_internet> synthesized.


Synthesizing Unit <font_rom>.
    Related source file is "/home/ise/projects/Jogo_EletProg_VG/Jogo_EletProg/list_ch13_01_font_rom.vhd".
WARNING:Xst:647 - Input <reset> is never used. This port will be preserved and left unconnected if it belongs to a top-level block or it belongs to a sub-block and the hierarchy of this sub-block is preserved.
    Found 2048x8-bit ROM for signal <data$rom0000> created at line 2215.
    Found 11-bit register for signal <addr_reg>.
    Summary:
	inferred   1 ROM(s).
	inferred  11 D-type flip-flop(s).
Unit <font_rom> synthesized.


Synthesizing Unit <clockmanager>.
    Related source file is "/home/ise/projects/Jogo_EletProg_VG/Jogo_EletProg/ClockManager.vhd".
Unit <clockmanager> synthesized.


Synthesizing Unit <ps2_keyboard>.
    Related source file is "/home/ise/projects/Jogo_EletProg_VG/Jogo_EletProg/ps2_keyboard.vhd".
WARNING:Xst:647 - Input <reset> is never used. This port will be preserved and left unconnected if it belongs to a top-level block or it belongs to a sub-block and the hierarchy of this sub-block is preserved.
    Found 1-bit register for signal <ps2_code_new>.
    Found 23-bit up counter for signal <count_idle>.
    Found 23-bit comparator less for signal <count_idle$cmp_lt0000> created at line 108.
    Found 1-bit xor9 for signal <error$xor0000> created at line 95.
    Found 8-bit register for signal <ps2_code_next>.
    Found 8-bit register for signal <ps2_code_reg>.
    Found 11-bit register for signal <ps2_word>.
    Found 2-bit register for signal <sync_ffs>.
    Summary:
	inferred   1 Counter(s).
	inferred  30 D-type flip-flop(s).
	inferred   1 Comparator(s).
	inferred   1 Xor(s).
Unit <ps2_keyboard> synthesized.


Synthesizing Unit <pong_text>.
    Related source file is "/home/ise/projects/Jogo_EletProg_VG/Jogo_EletProg/list_ch13_06_pong_text.vhd".
    Found 96x7-bit ROM for signal <char_addr_r$rom0000> created at line 242.
    Found 16x7-bit ROM for signal <char_addr_o>.
    Found 1-bit 8-to-1 multiplexer for signal <font_bit>.
    Found 5-bit comparator greatequal for signal <over_on$cmp_le0000> created at line 248.
    Found 5-bit comparator lessequal for signal <over_on$cmp_le0001> created at line 248.
    Found 6-bit comparator less for signal <score_2p_on$cmp_lt0000> created at line 194.
    Summary:
	inferred   2 ROM(s).
	inferred   3 Comparator(s).
	inferred   1 Multiplexer(s).
Unit <pong_text> synthesized.


Synthesizing Unit <pong_top>.
    Related source file is "/home/ise/projects/Jogo_EletProg_VG/Jogo_EletProg/list_ch13_10_pong_top.vhd".
WARNING:Xst:653 - Signal <timer_start_2> is used but never assigned. This sourceless signal will be automatically connected to value 0.
WARNING:Xst:646 - Signal <debounce_out> is assigned but never used. This unconnected signal will be trimmed during the optimization process.
INFO:Xst:1799 - State newball is never reached in FSM <state_reg>.
    Found finite state machine <FSM_0> for signal <state_reg>.
    -----------------------------------------------------------------------
    | States             | 5                                              |
    | Transitions        | 13                                             |
    | Inputs             | 7                                              |
    | Outputs            | 5                                              |
    | Clock              | clk                       (rising_edge)        |
    | Reset              | reset                     (positive)           |
    | Reset type         | asynchronous                                   |
    | Reset State        | newgame                                        |
    | Power Up State     | newgame                                        |
    | Encoding           | automatic                                      |
    | Implementation     | LUT                                            |
    -----------------------------------------------------------------------
    Found 2-bit register for signal <lives_p1_reg>.
    Found 2-bit subtractor for signal <lives_p1_reg$addsub0000>.
    Found 2-bit register for signal <lives_p2_reg>.
    Found 2-bit subtractor for signal <lives_p2_reg$addsub0000> created at line 215.
    Found 3-bit register for signal <rgb_reg>.
    Summary:
	inferred   1 Finite State Machine(s).
	inferred   7 D-type flip-flop(s).
	inferred   2 Adder/Subtractor(s).
Unit <pong_top> synthesized.

INFO:Xst:1767 - HDL ADVISOR - Resource sharing has identified that some arithmetic operations in this design can share the same physical resources for reduced device utilization. For improved clock frequency you may try to disable resource sharing.

=========================================================================
HDL Synthesis Report

Macro Statistics
# ROMs                                                 : 10
 16x16-bit ROM                                         : 6
 16x7-bit ROM                                          : 1
 2048x8-bit ROM                                        : 1
 8x8-bit ROM                                           : 1
 96x7-bit ROM                                          : 1
# Adders/Subtractors                                   : 89
 10-bit adder                                          : 48
 10-bit addsub                                         : 4
 10-bit subtractor                                     : 18
 2-bit subtractor                                      : 3
 3-bit subtractor                                      : 4
 4-bit adder                                           : 4
 4-bit subtractor                                      : 5
 7-bit adder                                           : 3
# Counters                                             : 11
 10-bit up counter                                     : 2
 23-bit up counter                                     : 1
 3-bit up counter                                      : 3
 4-bit down counter                                    : 1
 5-bit down counter                                    : 1
 7-bit down counter                                    : 1
 9-bit up counter                                      : 2
# Registers                                            : 56
 1-bit register                                        : 20
 10-bit register                                       : 21
 11-bit register                                       : 2
 2-bit register                                        : 3
 3-bit register                                        : 1
 4-bit register                                        : 4
 7-bit register                                        : 3
 8-bit register                                        : 2
# Latches                                              : 1
 7-bit latch                                           : 1
# Comparators                                          : 86
 10-bit comparator greatequal                          : 6
 10-bit comparator greater                             : 11
 10-bit comparator less                                : 11
 10-bit comparator lessequal                           : 45
 23-bit comparator less                                : 1
 3-bit comparator greater                              : 1
 4-bit comparator greater                              : 2
 5-bit comparator greatequal                           : 1
 5-bit comparator lessequal                            : 1
 6-bit comparator less                                 : 1
 7-bit comparator greatequal                           : 2
 7-bit comparator greater                              : 2
 7-bit comparator lessequal                            : 2
# Multiplexers                                         : 7
 1-bit 16-to-1 multiplexer                             : 3
 1-bit 8-to-1 multiplexer                              : 3
 16-bit 4-to-1 multiplexer                             : 1
# Xors                                                 : 3
 1-bit xor2                                            : 2
 1-bit xor9                                            : 1

=========================================================================

=========================================================================
*                       Advanced HDL Synthesis                          *
=========================================================================

Analyzing FSM <FSM_0> for best encoding.
Optimizing FSM <state_reg/FSM> on signal <state_reg[1:5]> with one-hot encoding.
-------------------------
 State       | Encoding
-------------------------
 newgame     | 00001
 play        | 00100
 play_2p     | 00010
 round_ended | 01000
 newball     | unreached
 over        | 10000
-------------------------
WARNING:Xst:1290 - Hierarchical block <timer_unit_2> is unconnected in block <pong_top>.
   It will be removed from the design.
INFO:Xst:2261 - The FF/Latch <alien_y_reg_0> in Unit <graph_unit> is equivalent to the following 3 FFs/Latches, which will be removed : <alien_y_reg_6> <alien_y_reg_8> <alien_y_reg_9> 
INFO:Xst:2261 - The FF/Latch <alien_y_reg_1> in Unit <graph_unit> is equivalent to the following 5 FFs/Latches, which will be removed : <alien_y_reg_2> <alien_y_reg_3> <alien_y_reg_4> <alien_y_reg_5> <alien_y_reg_7> 
INFO:Xst:2261 - The FF/Latch <alien_2_y_reg_0> in Unit <graph_unit> is equivalent to the following 6 FFs/Latches, which will be removed : <alien_2_y_reg_1> <alien_2_y_reg_4> <alien_2_y_reg_5> <alien_2_y_reg_6> <alien_2_y_reg_8> <alien_2_y_reg_9> 
INFO:Xst:2261 - The FF/Latch <alien_2_y_reg_2> in Unit <graph_unit> is equivalent to the following 2 FFs/Latches, which will be removed : <alien_2_y_reg_3> <alien_2_y_reg_7> 
WARNING:Xst:1710 - FF/Latch <alien_y_reg_0> (without init value) has a constant value of 0 in block <graph_unit>. This FF/Latch will be trimmed during the optimization process.
WARNING:Xst:1710 - FF/Latch <alien_2_y_reg_0> (without init value) has a constant value of 0 in block <graph_unit>. This FF/Latch will be trimmed during the optimization process.
WARNING:Xst:2404 -  FFs/Latches <alien_y_reg<9:8>> (without init value) have a constant value of 0 in block <pong_graph>.
WARNING:Xst:2404 -  FFs/Latches <alien_2_y_reg<9:8>> (without init value) have a constant value of 0 in block <pong_graph>.

Synthesizing (advanced) Unit <font_rom>.
INFO:Xst:3044 - The ROM <Mrom_data_rom0000> will be implemented as a read-only BLOCK RAM, absorbing the register: <addr_reg>.
INFO:Xst:3225 - The RAM <Mrom_data_rom0000> will be implemented as BLOCK RAM
    -----------------------------------------------------------------------
    | ram_type           | Block                               |          |
    -----------------------------------------------------------------------
    | Port A                                                              |
    |     aspect ratio   | 2048-word x 8-bit                   |          |
    |     mode           | write-first                         |          |
    |     clkA           | connected to signal <clk>           | rise     |
    |     weA            | connected to internal node          | high     |
    |     addrA          | connected to signal <addr>          |          |
    |     diA            | connected to internal node          |          |
    |     doA            | connected to signal <data>          |          |
    -----------------------------------------------------------------------
    | optimization       | speed                               |          |
    -----------------------------------------------------------------------
Unit <font_rom> synthesized (advanced).

Synthesizing (advanced) Unit <pong_graph>.
The following registers are absorbed into accumulator <alien_boss_projectil_y_reg>: 1 register on signal <alien_boss_projectil_y_reg>.
The following registers are absorbed into accumulator <ship_projectil_3_y_reg>: 1 register on signal <ship_projectil_3_y_reg>.
The following registers are absorbed into accumulator <ship_projectil_1_y_reg>: 1 register on signal <ship_projectil_1_y_reg>.
Unit <pong_graph> synthesized (advanced).

=========================================================================
Advanced HDL Synthesis Report

Macro Statistics
# FSMs                                                 : 1
# RAMs                                                 : 1
 2048x8-bit single-port block RAM                      : 1
# ROMs                                                 : 9
 16x16-bit ROM                                         : 6
 16x7-bit ROM                                          : 1
 8x8-bit ROM                                           : 1
 96x7-bit ROM                                          : 1
# Adders/Subtractors                                   : 86
 10-bit adder                                          : 47
 10-bit addsub                                         : 4
 10-bit subtractor                                     : 16
 2-bit subtractor                                      : 3
 3-bit subtractor                                      : 4
 4-bit adder                                           : 4
 4-bit subtractor                                      : 5
 7-bit adder                                           : 3
# Counters                                             : 11
 10-bit up counter                                     : 2
 23-bit up counter                                     : 1
 3-bit up counter                                      : 3
 4-bit down counter                                    : 1
 5-bit down counter                                    : 1
 7-bit down counter                                    : 1
 9-bit up counter                                      : 2
# Accumulators                                         : 3
 10-bit down loadable accumulator                      : 2
 10-bit up loadable accumulator                        : 1
# Registers                                            : 269
 Flip-Flops                                            : 269
# Latches                                              : 1
 7-bit latch                                           : 1
# Comparators                                          : 86
 10-bit comparator greatequal                          : 6
 10-bit comparator greater                             : 11
 10-bit comparator less                                : 11
 10-bit comparator lessequal                           : 45
 23-bit comparator less                                : 1
 3-bit comparator greater                              : 1
 4-bit comparator greater                              : 2
 5-bit comparator greatequal                           : 1
 5-bit comparator lessequal                            : 1
 6-bit comparator less                                 : 1
 7-bit comparator greatequal                           : 2
 7-bit comparator greater                              : 2
 7-bit comparator lessequal                            : 2
# Multiplexers                                         : 7
 1-bit 16-to-1 multiplexer                             : 3
 1-bit 8-to-1 multiplexer                              : 3
 16-bit 4-to-1 multiplexer                             : 1
# Xors                                                 : 3
 1-bit xor2                                            : 2
 1-bit xor9                                            : 1

=========================================================================

=========================================================================
*                         Low Level Synthesis                           *
=========================================================================
WARNING:Xst:1710 - FF/Latch <alien_2_y_reg_0> (without init value) has a constant value of 0 in block <pong_graph>. This FF/Latch will be trimmed during the optimization process.
WARNING:Xst:1895 - Due to other FF/Latch trimming, FF/Latch <alien_2_y_reg_1> (without init value) has a constant value of 0 in block <pong_graph>. This FF/Latch will be trimmed during the optimization process.
WARNING:Xst:1895 - Due to other FF/Latch trimming, FF/Latch <alien_2_y_reg_4> (without init value) has a constant value of 0 in block <pong_graph>. This FF/Latch will be trimmed during the optimization process.
WARNING:Xst:1895 - Due to other FF/Latch trimming, FF/Latch <alien_2_y_reg_5> (without init value) has a constant value of 0 in block <pong_graph>. This FF/Latch will be trimmed during the optimization process.
WARNING:Xst:1895 - Due to other FF/Latch trimming, FF/Latch <alien_2_y_reg_6> (without init value) has a constant value of 0 in block <pong_graph>. This FF/Latch will be trimmed during the optimization process.
WARNING:Xst:1895 - Due to other FF/Latch trimming, FF/Latch <alien_y_reg_0> (without init value) has a constant value of 0 in block <pong_graph>. This FF/Latch will be trimmed during the optimization process.
WARNING:Xst:1895 - Due to other FF/Latch trimming, FF/Latch <alien_y_reg_6> (without init value) has a constant value of 0 in block <pong_graph>. This FF/Latch will be trimmed during the optimization process.
INFO:Xst:2261 - The FF/Latch <alien_y_reg_1> in Unit <pong_graph> is equivalent to the following 5 FFs/Latches, which will be removed : <alien_y_reg_2> <alien_y_reg_3> <alien_y_reg_4> <alien_y_reg_5> <alien_y_reg_7> 
INFO:Xst:2261 - The FF/Latch <alien_2_y_reg_2> in Unit <pong_graph> is equivalent to the following 2 FFs/Latches, which will be removed : <alien_2_y_reg_3> <alien_2_y_reg_7> 
INFO:Xst:2261 - The FF/Latch <alien_vx_reg_9> in Unit <pong_graph> is equivalent to the following 5 FFs/Latches, which will be removed : <alien_vx_reg_8> <alien_vx_reg_6> <alien_vx_reg_5> <alien_vx_reg_7> <alien_vx_reg_4> 
INFO:Xst:2261 - The FF/Latch <alien_2_vx_reg_9> in Unit <pong_graph> is equivalent to the following 5 FFs/Latches, which will be removed : <alien_2_vx_reg_8> <alien_2_vx_reg_6> <alien_2_vx_reg_5> <alien_2_vx_reg_7> <alien_2_vx_reg_4> 
WARNING:Xst:2170 - Unit pong_graph : the following signal(s) form a combinatorial loop: round_end, alien_2_alive_next_and0001, alien_alive_next.

Optimizing unit <pong_top> ...

Optimizing unit <vga_sync> ...

Optimizing unit <m100_counter> ...

Optimizing unit <pong_graph> ...

Optimizing unit <ps2_keyboard> ...

Optimizing unit <pong_text> ...
WARNING:Xst:2677 - Node <timer_unit_2/timer_reg_0> of sequential type is unconnected in block <pong_top>.
WARNING:Xst:2677 - Node <timer_unit_2/timer_reg_1> of sequential type is unconnected in block <pong_top>.
WARNING:Xst:2677 - Node <timer_unit_2/timer_reg_2> of sequential type is unconnected in block <pong_top>.
WARNING:Xst:2677 - Node <timer_unit_2/timer_reg_3> of sequential type is unconnected in block <pong_top>.
WARNING:Xst:2677 - Node <timer_unit_2/timer_reg_4> of sequential type is unconnected in block <pong_top>.
WARNING:Xst:2677 - Node <keyboard_unit/ps2_code_new> of sequential type is unconnected in block <pong_top>.

Mapping all equations...
WARNING:Xst:2170 - Unit pong_top : the following signal(s) form a combinatorial loop: graph_unit/respawn_timer_reg_not0001147, graph_unit/N51, round_end, state_reg_FSM_FFd3-In.
Building and optimizing final netlist ...
Found area constraint ratio of 100 (+ 5) on block pong_top, actual ratio is 107.
Optimizing block <pong_top> to meet ratio 100 (+ 5) of 960 slices :
Area constraint is met for block <pong_top>, final ratio is 96.
FlipFlop state_reg_FSM_FFd4 has been replicated 1 time(s)
FlipFlop vga_sync_unit/v_count_reg_3 has been replicated 1 time(s)
FlipFlop vga_sync_unit/v_count_reg_4 has been replicated 1 time(s)
FlipFlop vga_sync_unit/v_count_reg_5 has been replicated 1 time(s)

Final Macro Processing ...

Processing Unit <pong_top> :
	Found 2-bit shift register for signal <keyboard_unit/debounce_ps2_clk/flipflops_0>.
	Found 2-bit shift register for signal <keyboard_unit/debounce_ps2_data/flipflops_0>.
Unit <pong_top> processed.

=========================================================================
Final Register Report

Macro Statistics
# Registers                                            : 360
 Flip-Flops                                            : 360
# Shift Registers                                      : 2
 2-bit shift register                                  : 2

=========================================================================

=========================================================================
*                           Partition Report                            *
=========================================================================

Partition Implementation Status
-------------------------------

  No Partitions were found in this design.

-------------------------------

=========================================================================
*                            Final Report                               *
=========================================================================
Final Results
RTL Top Level Output File Name     : pong_top.ngr
Top Level Output File Name         : pong_top
Output Format                      : NGC
Optimization Goal                  : Speed
Keep Hierarchy                     : No

Design Statistics
# IOs                              : 27

Cell Usage :
# BELS                             : 2906
#      GND                         : 1
#      INV                         : 105
#      LUT1                        : 136
#      LUT2                        : 526
#      LUT2_D                      : 5
#      LUT2_L                      : 4
#      LUT3                        : 248
#      LUT3_D                      : 8
#      LUT3_L                      : 8
#      LUT4                        : 643
#      LUT4_D                      : 29
#      LUT4_L                      : 42
#      MUXCY                       : 682
#      MUXF5                       : 106
#      MUXF6                       : 10
#      MUXF7                       : 3
#      MUXF8                       : 1
#      VCC                         : 1
#      XORCY                       : 348
# FlipFlops/Latches                : 369
#      FD                          : 12
#      FD_1                        : 11
#      FDC                         : 19
#      FDCE                        : 146
#      FDE                         : 110
#      FDP                         : 1
#      FDPE                        : 22
#      FDRE                        : 41
#      LDCE                        : 7
# RAMS                             : 1
#      RAMB16_S9                   : 1
# Shift Registers                  : 2
#      SRL16                       : 2
# Clock Buffers                    : 2
#      BUFG                        : 2
# IO Buffers                       : 25
#      IBUF                        : 3
#      IBUFG                       : 1
#      OBUF                        : 21
# DCMs                             : 1
#      DCM_SP                      : 1
=========================================================================

Device utilization summary:
---------------------------

Selected Device : 3s100ecp132-5 

 Number of Slices:                      918  out of    960    95%  
 Number of Slice Flip Flops:            369  out of   1920    19%  
 Number of 4 input LUTs:               1756  out of   1920    91%  
    Number used as logic:              1754
    Number used as Shift registers:       2
 Number of IOs:                          27
 Number of bonded IOBs:                  25  out of     83    30%  
 Number of BRAMs:                         1  out of      4    25%  
 Number of GCLKs:                         2  out of     24     8%  
 Number of DCMs:                          1  out of      2    50%  

---------------------------
Partition Resource Summary:
---------------------------

  No Partitions were found in this design.

---------------------------


=========================================================================
TIMING REPORT

NOTE: THESE TIMING NUMBERS ARE ONLY A SYNTHESIS ESTIMATE.
      FOR ACCURATE TIMING INFORMATION PLEASE REFER TO THE TRACE REPORT
      GENERATED AFTER PLACE-and-ROUTE.

Clock Information:
------------------
-------------------------------------------------------------+----------------------------------------------------+-------+
Clock Signal                                                 | Clock buffer(FF name)                              | Load  |
-------------------------------------------------------------+----------------------------------------------------+-------+
clock                                                        | ClockManager_unit/DCM_SP_INST:CLK2X                | 354   |
graph_unit/refr_tick(graph_unit/refr_tick_and0000_wg_cy<4>:O)| NONE(*)(graph_unit/play_alien_shoot_counter_next_6)| 7     |
keyboard_unit/debounce_ps2_clk/result                        | NONE(keyboard_unit/ps2_word_10)                    | 11    |
-------------------------------------------------------------+----------------------------------------------------+-------+
(*) This 1 clock signal(s) are generated by combinatorial logic,
and XST is not able to identify which are the primary clock signals.
Please use the CLOCK_SIGNAL constraint to specify the clock signal(s) generated by combinatorial logic.
INFO:Xst:2169 - HDL ADVISOR - Some clock signals were not automatically buffered by XST with BUFG/BUFR resources. Please use the buffer_type constraint in order to insert these buffers to the clock signals to help prevent skew problems.

Asynchronous Control Signals Information:
----------------------------------------
----------------------------------------------------------------------------------+-------------------------------------------------+-------+
Control Signal                                                                    | Buffer(FF name)                                 | Load  |
----------------------------------------------------------------------------------+-------------------------------------------------+-------+
graph_unit/alien_boss_lives_reg_or0000(graph_unit/alien_boss_lives_reg_or00001:O) | NONE(graph_unit/alien_2_alive_reg)              | 126   |
reset                                                                             | IBUF                                            | 62    |
graph_unit/alien_boss_projectil_hit_reg(graph_unit/alien_boss_projectil_hit_reg:Q)| NONE(graph_unit/play_alien_shoot_counter_next_0)| 7     |
----------------------------------------------------------------------------------+-------------------------------------------------+-------+

Timing Summary:
---------------
Speed Grade: -5

   Minimum period: 27.763ns (Maximum Frequency: 36.019MHz)
   Minimum input arrival time before clock: 5.966ns
   Maximum output required time after clock: 4.757ns
   Maximum combinational path delay: No path found

Timing Detail:
--------------
All values displayed in nanoseconds (ns)

=========================================================================
Timing constraint: Default period analysis for Clock 'clock'
  Clock period: 27.763ns (frequency: 36.019MHz)
  Total number of paths / destination ports: 494758 / 713
-------------------------------------------------------------------------
Delay:               13.882ns (Levels of Logic = 12)
  Source:            vga_sync_unit/v_count_reg_2 (FF)
  Destination:       graph_unit/alien_boss_lives_reg_3 (FF)
  Source Clock:      clock rising 2.0X
  Destination Clock: clock rising 2.0X

  Data Path: vga_sync_unit/v_count_reg_2 to graph_unit/alien_boss_lives_reg_3
                                Gate     Net
    Cell:in->out      fanout   Delay   Delay  Logical Name (Net Name)
    ----------------------------------------  ------------
     FDCE:C->Q            44   0.514   1.079  vga_sync_unit/v_count_reg_2 (vga_sync_unit/v_count_reg_2)
     LUT4_D:I3->O          3   0.612   0.454  graph_unit/Msub_rom_addr_alien_boss_cy<1>11 (graph_unit/Msub_rom_addr_alien_boss_cy<1>)
     LUT4:I3->O           13   0.612   0.839  graph_unit/Msub_rom_addr_alien_boss_xor<3>11 (graph_unit/rom_addr_alien_boss<3>)
     LUT4:I3->O            1   0.612   0.000  graph_unit/rom_data_alien_boss<10>_F (N549)
     MUXF5:I0->O           1   0.278   0.387  graph_unit/rom_data_alien_boss<10> (graph_unit/rom_data_alien_boss<10>)
     LUT4:I2->O            1   0.612   0.000  graph_unit/Mmux_rom_bit_alien_boss_6_f5_G (N486)
     MUXF5:I1->O           1   0.278   0.360  graph_unit/Mmux_rom_bit_alien_boss_6_f5 (graph_unit/Mmux_rom_bit_alien_boss_6_f5)
     LUT4:I3->O            1   0.612   0.360  graph_unit/Mmux_rom_bit_alien_boss_3 (graph_unit/Mmux_rom_bit_alien_boss_3)
     LUT4:I3->O           16   0.612   0.882  graph_unit/rd_alien_boss_on_and0000 (graph_unit/rd_alien_boss_on)
     LUT4_L:I3->LO         1   0.612   0.103  graph_unit/respawn_timer_reg_not0001143_SW1 (N343)
     LUT4:I3->O            1   0.612   0.426  graph_unit/respawn_timer_reg_not0001143 (graph_unit/respawn_timer_reg_not0001143)
     LUT4_D:I1->O         12   0.612   0.820  graph_unit/respawn_timer_reg_not0001158 (graph_unit/N51)
     LUT4:I3->O            4   0.612   0.499  graph_unit/alien_boss_lives_reg_not0003 (graph_unit/alien_boss_lives_reg_not0003)
     FDPE:CE                   0.483          graph_unit/alien_boss_lives_reg_1
    ----------------------------------------
    Total                     13.882ns (7.673ns logic, 6.209ns route)
                                       (55.3% logic, 44.7% route)

=========================================================================
Timing constraint: Default period analysis for Clock 'keyboard_unit/debounce_ps2_clk/result'
  Clock period: 1.281ns (frequency: 780.671MHz)
  Total number of paths / destination ports: 10 / 10
-------------------------------------------------------------------------
Delay:               1.281ns (Levels of Logic = 0)
  Source:            keyboard_unit/ps2_word_8 (FF)
  Destination:       keyboard_unit/ps2_word_7 (FF)
  Source Clock:      keyboard_unit/debounce_ps2_clk/result falling
  Destination Clock: keyboard_unit/debounce_ps2_clk/result falling

  Data Path: keyboard_unit/ps2_word_8 to keyboard_unit/ps2_word_7
                                Gate     Net
    Cell:in->out      fanout   Delay   Delay  Logical Name (Net Name)
    ----------------------------------------  ------------
     FD_1:C->Q             4   0.514   0.499  keyboard_unit/ps2_word_8 (keyboard_unit/ps2_word_8)
     FD_1:D                    0.268          keyboard_unit/ps2_word_7
    ----------------------------------------
    Total                      1.281ns (0.782ns logic, 0.499ns route)
                                       (61.0% logic, 39.0% route)

=========================================================================
Timing constraint: Default OFFSET IN BEFORE for Clock 'clock'
  Total number of paths / destination ports: 102 / 102
-------------------------------------------------------------------------
Offset:              5.966ns (Levels of Logic = 3)
  Source:            reset (PAD)
  Destination:       graph_unit/alien_2_projectil_y_reg_9 (FF)
  Destination Clock: clock rising 2.0X

  Data Path: reset to graph_unit/alien_2_projectil_y_reg_9
                                Gate     Net
    Cell:in->out      fanout   Delay   Delay  Logical Name (Net Name)
    ----------------------------------------  ------------
     IBUF:I->O            71   1.106   1.235  reset_IBUF (reset_IBUF)
     LUT2:I0->O          128   0.612   1.168  graph_unit/alien_boss_lives_reg_or00001 (graph_unit/alien_boss_lives_reg_or0000)
     LUT4:I1->O           10   0.612   0.750  graph_unit/alien_projectil_y_reg_and00001 (graph_unit/alien_projectil_y_reg_and0000)
     FDE:CE                    0.483          graph_unit/alien_projectil_y_reg_0
    ----------------------------------------
    Total                      5.966ns (2.813ns logic, 3.153ns route)
                                       (47.2% logic, 52.8% route)

=========================================================================
Timing constraint: Default OFFSET OUT AFTER for Clock 'clock'
  Total number of paths / destination ports: 21 / 21
-------------------------------------------------------------------------
Offset:              4.757ns (Levels of Logic = 1)
  Source:            keyboard_unit/ps2_code_reg_1 (FF)
  Destination:       led<1> (PAD)
  Source Clock:      clock rising 2.0X

  Data Path: keyboard_unit/ps2_code_reg_1 to led<1>
                                Gate     Net
    Cell:in->out      fanout   Delay   Delay  Logical Name (Net Name)
    ----------------------------------------  ------------
     FD:C->Q              37   0.514   1.074  keyboard_unit/ps2_code_reg_1 (keyboard_unit/ps2_code_reg_1)
     OBUF:I->O                 3.169          led_1_OBUF (led<1>)
    ----------------------------------------
    Total                      4.757ns (3.683ns logic, 1.074ns route)
                                       (77.4% logic, 22.6% route)

=========================================================================


Total REAL time to Xst completion: 16.00 secs
Total CPU time to Xst completion: 15.07 secs
 
--> 


Total memory usage is 672656 kilobytes

Number of errors   :    0 (   0 filtered)
Number of warnings :   41 (   0 filtered)
Number of infos    :   13 (   0 filtered)

