EN clockmanager NULL /home/ise/projects/Jogo_EletProg_VG/Jogo_EletProg/ClockManager.vhd sub00/vhpl02 1674513800
EN vga_sync NULL /home/ise/projects/Jogo_EletProg_VG/Jogo_EletProg/list_ch12_01_vga_sync.vhd sub00/vhpl04 1674513806
AR debounce_handson fsmd_arch /home/ise/projects/Jogo_EletProg/debounce_handson.vhd sub00/vhpl29 1672398170
AR debounce_internet logic /home/ise/projects/Jogo_EletProg_VG/Jogo_EletProg/debounce_internet.vhd sub00/vhpl27 1674513799
AR timer_2 arch /home/ise/projects/Jogo_EletProg_VG/Jogo_EletProg/timer_2.vhd sub00/vhpl21 1674513803
EN pong_graph NULL /home/ise/projects/Jogo_EletProg_VG/Jogo_EletProg/list_ch13_07_pong_graph.vhd sub00/vhpl08 1674513810
AR debounce_2 logic /home/ise/projects/Jogo_EletProg/debounce_2.vhd sub00/vhpl24 1672317319
EN timer_2 NULL /home/ise/projects/Jogo_EletProg_VG/Jogo_EletProg/timer_2.vhd sub00/vhpl20 1674513802
EN debounce_internet NULL /home/ise/projects/Jogo_EletProg_VG/Jogo_EletProg/debounce_internet.vhd sub00/vhpl26 1674513798
AR m100_counter arch /home/ise/projects/Jogo_EletProg_VG/Jogo_EletProg/list_ch13_08_pong_counter.vhd sub00/vhpl13 1674513815
EN debounce NULL /home/ise/projects/Jogo_EletProg/debounce.vhd sub00/vhpl16 1672395835
AR clockmanager behavioral /home/ise/projects/Jogo_EletProg_VG/Jogo_EletProg/ClockManager.vhd sub00/vhpl03 1674513801
AR debounce logic /home/ise/projects/Jogo_EletProg/debounce.vhd sub00/vhpl17 1672395836
AR debounce fsmd_arch /home/ise/projects/Jogo_EletProg/debounce.vhd sub00/vhpl22 1672316204
AR pong_top arch /home/ise/projects/Jogo_EletProg_VG/Jogo_EletProg/list_ch13_10_pong_top.vhd sub00/vhpl15 1674513817
EN ps2_keyboard NULL /home/ise/projects/Jogo_EletProg_VG/Jogo_EletProg/ps2_keyboard.vhd sub00/vhpl18 1674513804
AR ps2_keyboard logic /home/ise/projects/Jogo_EletProg_VG/Jogo_EletProg/ps2_keyboard.vhd sub00/vhpl19 1674513805
EN pong_text NULL /home/ise/projects/Jogo_EletProg_VG/Jogo_EletProg/list_ch13_06_pong_text.vhd sub00/vhpl06 1674513808
AR font_rom arch /home/ise/projects/Jogo_EletProg_VG/Jogo_EletProg/list_ch13_01_font_rom.vhd sub00/vhpl01 1674513797
EN font_rom NULL /home/ise/projects/Jogo_EletProg_VG/Jogo_EletProg/list_ch13_01_font_rom.vhd sub00/vhpl00 1674513796
EN m100_counter NULL /home/ise/projects/Jogo_EletProg_VG/Jogo_EletProg/list_ch13_08_pong_counter.vhd sub00/vhpl12 1674513814
EN debounce_handson NULL /home/ise/projects/Jogo_EletProg/debounce_handson.vhd sub00/vhpl28 1672398169
AR vga_sync arch /home/ise/projects/Jogo_EletProg_VG/Jogo_EletProg/list_ch12_01_vga_sync.vhd sub00/vhpl05 1674513807
EN pong_top NULL /home/ise/projects/Jogo_EletProg_VG/Jogo_EletProg/list_ch13_10_pong_top.vhd sub00/vhpl14 1674513816
EN debounce_2 NULL /home/ise/projects/Jogo_EletProg/debounce_2.vhd sub00/vhpl23 1672395518
AR timer arch /home/ise/projects/Jogo_EletProg_VG/Jogo_EletProg/list_ch13_09_pong_timer.vhd sub00/vhpl11 1674513813
AR pong_graph arch /home/ise/projects/Jogo_EletProg_VG/Jogo_EletProg/list_ch13_07_pong_graph.vhd sub00/vhpl09 1674513811
AR pong_text arch /home/ise/projects/Jogo_EletProg_VG/Jogo_EletProg/list_ch13_06_pong_text.vhd sub00/vhpl07 1674513809
EN timer NULL /home/ise/projects/Jogo_EletProg_VG/Jogo_EletProg/list_ch13_09_pong_timer.vhd sub00/vhpl10 1674513812
AR debounce_2 fsmd_arch /home/ise/projects/Jogo_EletProg/debounce_2.vhd sub00/vhpl25 1672395519
