EN clockmanager NULL /home/ise/projects/Jogo_EletProg_VG/Jogo_EletProg/ClockManager.vhd sub00/vhpl02 1674615392
EN space_invaders_text NULL /home/ise/projects/Jogo_EletProg_VG/Jogo_EletProg/space_invaders_text.vhd sub00/vhpl30 1674615400
EN vga_sync NULL /home/ise/projects/Jogo_EletProg_VG/Jogo_EletProg/vga_sync.vhd sub00/vhpl04 1674615398
AR debounce_handson fsmd_arch /home/ise/projects/Jogo_EletProg/debounce_handson.vhd sub00/vhpl29 1672398170
AR debounce_internet logic /home/ise/projects/Jogo_EletProg_VG/Jogo_EletProg/debounce_internet.vhd sub00/vhpl27 1674615391
AR timer_2 arch /home/ise/projects/Jogo_EletProg_VG/Jogo_EletProg/timer_2.vhd sub00/vhpl21 1674615395
EN pong_graph NULL /home/ise/projects/Jogo_EletProg_VG/Jogo_EletProg/list_ch13_07_pong_graph.vhd sub00/vhpl08 1674583399
AR debounce_2 logic /home/ise/projects/Jogo_EletProg/debounce_2.vhd sub00/vhpl24 1672317319
EN timer_2 NULL /home/ise/projects/Jogo_EletProg_VG/Jogo_EletProg/timer_2.vhd sub00/vhpl20 1674615394
AR space_invaders_graph arch /home/ise/projects/Jogo_EletProg_VG/Jogo_EletProg/space_invaders_graph.vhd sub00/vhpl33 1674615403
EN debounce_internet NULL /home/ise/projects/Jogo_EletProg_VG/Jogo_EletProg/debounce_internet.vhd sub00/vhpl26 1674615390
AR space_invaders_top arch /home/ise/projects/Jogo_EletProg_VG/Jogo_EletProg/space_invaders_top.vhd sub00/vhpl35 1674615409
AR m100_counter arch /home/ise/projects/Jogo_EletProg_VG/Jogo_EletProg/space_invaders_counter.vhd sub00/vhpl13 1674615407
EN debounce NULL /home/ise/projects/Jogo_EletProg/debounce.vhd sub00/vhpl16 1672395835
EN space_invaders_top NULL /home/ise/projects/Jogo_EletProg_VG/Jogo_EletProg/space_invaders_top.vhd sub00/vhpl34 1674615408
AR clockmanager behavioral /home/ise/projects/Jogo_EletProg_VG/Jogo_EletProg/ClockManager.vhd sub00/vhpl03 1674615393
AR debounce logic /home/ise/projects/Jogo_EletProg/debounce.vhd sub00/vhpl17 1672395836
AR debounce fsmd_arch /home/ise/projects/Jogo_EletProg/debounce.vhd sub00/vhpl22 1672316204
AR pong_top arch /home/ise/projects/Jogo_EletProg_VG/Jogo_EletProg/list_ch13_10_pong_top.vhd sub00/vhpl15 1674583406
EN ps2_keyboard NULL /home/ise/projects/Jogo_EletProg_VG/Jogo_EletProg/ps2_keyboard.vhd sub00/vhpl18 1674615396
AR ps2_keyboard logic /home/ise/projects/Jogo_EletProg_VG/Jogo_EletProg/ps2_keyboard.vhd sub00/vhpl19 1674615397
AR space_invaders_text arch /home/ise/projects/Jogo_EletProg_VG/Jogo_EletProg/space_invaders_text.vhd sub00/vhpl31 1674615401
EN pong_text NULL /home/ise/projects/Jogo_EletProg_VG/Jogo_EletProg/list_ch13_06_pong_text.vhd sub00/vhpl06 1674583397
AR font_rom arch /home/ise/projects/Jogo_EletProg_VG/Jogo_EletProg/font_rom.vhd sub00/vhpl01 1674615389
EN font_rom NULL /home/ise/projects/Jogo_EletProg_VG/Jogo_EletProg/font_rom.vhd sub00/vhpl00 1674615388
EN m100_counter NULL /home/ise/projects/Jogo_EletProg_VG/Jogo_EletProg/space_invaders_counter.vhd sub00/vhpl12 1674615406
EN debounce_handson NULL /home/ise/projects/Jogo_EletProg/debounce_handson.vhd sub00/vhpl28 1672398169
AR vga_sync arch /home/ise/projects/Jogo_EletProg_VG/Jogo_EletProg/vga_sync.vhd sub00/vhpl05 1674615399
EN pong_top NULL /home/ise/projects/Jogo_EletProg_VG/Jogo_EletProg/list_ch13_10_pong_top.vhd sub00/vhpl14 1674583405
EN debounce_2 NULL /home/ise/projects/Jogo_EletProg/debounce_2.vhd sub00/vhpl23 1672395518
AR timer arch /home/ise/projects/Jogo_EletProg_VG/Jogo_EletProg/space_invaders_timer.vhd sub00/vhpl11 1674615405
EN space_invaders_graph NULL /home/ise/projects/Jogo_EletProg_VG/Jogo_EletProg/space_invaders_graph.vhd sub00/vhpl32 1674615402
AR pong_graph arch /home/ise/projects/Jogo_EletProg_VG/Jogo_EletProg/list_ch13_07_pong_graph.vhd sub00/vhpl09 1674583400
AR pong_text arch /home/ise/projects/Jogo_EletProg_VG/Jogo_EletProg/list_ch13_06_pong_text.vhd sub00/vhpl07 1674583398
EN timer NULL /home/ise/projects/Jogo_EletProg_VG/Jogo_EletProg/space_invaders_timer.vhd sub00/vhpl10 1674615404
AR debounce_2 fsmd_arch /home/ise/projects/Jogo_EletProg/debounce_2.vhd sub00/vhpl25 1672395519
