EN clockmanager NULL /home/ise/projects/Jogo_EletProg_VG/Jogo_EletProg/ClockManager.vhd sub00/vhpl02 1674451236
EN vga_sync NULL /home/ise/projects/Jogo_EletProg_VG/Jogo_EletProg/list_ch12_01_vga_sync.vhd sub00/vhpl04 1674451242
AR debounce_handson fsmd_arch /home/ise/projects/Jogo_EletProg/debounce_handson.vhd sub00/vhpl29 1672398170
AR debounce_internet logic /home/ise/projects/Jogo_EletProg_VG/Jogo_EletProg/debounce_internet.vhd sub00/vhpl27 1674451235
AR timer_2 arch /home/ise/projects/Jogo_EletProg_VG/Jogo_EletProg/timer_2.vhd sub00/vhpl21 1674451239
EN pong_graph NULL /home/ise/projects/Jogo_EletProg_VG/Jogo_EletProg/list_ch13_07_pong_graph.vhd sub00/vhpl08 1674451246
AR debounce_2 logic /home/ise/projects/Jogo_EletProg/debounce_2.vhd sub00/vhpl24 1672317319
EN timer_2 NULL /home/ise/projects/Jogo_EletProg_VG/Jogo_EletProg/timer_2.vhd sub00/vhpl20 1674451238
EN debounce_internet NULL /home/ise/projects/Jogo_EletProg_VG/Jogo_EletProg/debounce_internet.vhd sub00/vhpl26 1674451234
AR m100_counter arch /home/ise/projects/Jogo_EletProg_VG/Jogo_EletProg/list_ch13_08_pong_counter.vhd sub00/vhpl13 1674451251
EN debounce NULL /home/ise/projects/Jogo_EletProg/debounce.vhd sub00/vhpl16 1672395835
AR clockmanager behavioral /home/ise/projects/Jogo_EletProg_VG/Jogo_EletProg/ClockManager.vhd sub00/vhpl03 1674451237
AR debounce logic /home/ise/projects/Jogo_EletProg/debounce.vhd sub00/vhpl17 1672395836
AR debounce fsmd_arch /home/ise/projects/Jogo_EletProg/debounce.vhd sub00/vhpl22 1672316204
AR pong_top arch /home/ise/projects/Jogo_EletProg_VG/Jogo_EletProg/list_ch13_10_pong_top.vhd sub00/vhpl15 1674451253
EN ps2_keyboard NULL /home/ise/projects/Jogo_EletProg_VG/Jogo_EletProg/ps2_keyboard.vhd sub00/vhpl18 1674451240
AR ps2_keyboard logic /home/ise/projects/Jogo_EletProg_VG/Jogo_EletProg/ps2_keyboard.vhd sub00/vhpl19 1674451241
EN pong_text NULL /home/ise/projects/Jogo_EletProg_VG/Jogo_EletProg/list_ch13_06_pong_text.vhd sub00/vhpl06 1674451244
AR font_rom arch /home/ise/projects/Jogo_EletProg_VG/Jogo_EletProg/list_ch13_01_font_rom.vhd sub00/vhpl01 1674451233
EN font_rom NULL /home/ise/projects/Jogo_EletProg_VG/Jogo_EletProg/list_ch13_01_font_rom.vhd sub00/vhpl00 1674451232
EN m100_counter NULL /home/ise/projects/Jogo_EletProg_VG/Jogo_EletProg/list_ch13_08_pong_counter.vhd sub00/vhpl12 1674451250
EN debounce_handson NULL /home/ise/projects/Jogo_EletProg/debounce_handson.vhd sub00/vhpl28 1672398169
AR vga_sync arch /home/ise/projects/Jogo_EletProg_VG/Jogo_EletProg/list_ch12_01_vga_sync.vhd sub00/vhpl05 1674451243
EN pong_top NULL /home/ise/projects/Jogo_EletProg_VG/Jogo_EletProg/list_ch13_10_pong_top.vhd sub00/vhpl14 1674451252
EN debounce_2 NULL /home/ise/projects/Jogo_EletProg/debounce_2.vhd sub00/vhpl23 1672395518
AR timer arch /home/ise/projects/Jogo_EletProg_VG/Jogo_EletProg/list_ch13_09_pong_timer.vhd sub00/vhpl11 1674451249
AR pong_graph arch /home/ise/projects/Jogo_EletProg_VG/Jogo_EletProg/list_ch13_07_pong_graph.vhd sub00/vhpl09 1674451247
AR pong_text arch /home/ise/projects/Jogo_EletProg_VG/Jogo_EletProg/list_ch13_06_pong_text.vhd sub00/vhpl07 1674451245
EN timer NULL /home/ise/projects/Jogo_EletProg_VG/Jogo_EletProg/list_ch13_09_pong_timer.vhd sub00/vhpl10 1674451248
AR debounce_2 fsmd_arch /home/ise/projects/Jogo_EletProg/debounce_2.vhd sub00/vhpl25 1672395519
